[tamzidhossain.info/html/jalapino-online/index.html]
[backblue.gif]
[fade.gif]
[index.html]
[tamzidhossain.info/html/jalapino-online/js/ajax-jquery.min.js]
[tamzidhossain.info/html/jalapino-online/img/about-image.jpg]
[tamzidhossain.info/html/jalapino-online/img/portfolios/graphics/1.jpg]
[tamzidhossain.info/html/jalapino-online/img/portfolios/web/1.jpg]
[tamzidhossain.info/html/jalapino-online/img/portfolios/development/1.jpg]
[tamzidhossain.info/html/jalapino-online/img/portfolios/graphics/2.jpg]
[tamzidhossain.info/html/jalapino-online/img/portfolios/development/2.jpg]
[tamzidhossain.info/html/jalapino-online/img/portfolios/web/2.jpg]
[tamzidhossain.info/html/jalapino-online/img/portfolios/photography/1.jpg]
[tamzidhossain.info/html/jalapino-online/img/portfolios/web/3.jpg]
[tamzidhossain.info/html/jalapino-online/img/portfolios/photography/2.jpg]
[tamzidhossain.info/html/jalapino-online/img/client1.jpg]
[tamzidhossain.info/html/jalapino-online/img/client2.jpg]
[tamzidhossain.info/html/jalapino-online/img/client3.jpg]
[tamzidhossain.info/html/jalapino-online/img/blog1.jpg]
[tamzidhossain.info/html/jalapino-online/img/client4.jpg]
[tamzidhossain.info/html/jalapino-online/img/blog2.jpg]
[tamzidhossain.info/html/jalapino-online/img/client5.jpg]
[tamzidhossain.info/html/jalapino-online/img/blog3.jpg]
[tamzidhossain.info/html/jalapino-online/img/client6.jpg]
[tamzidhossain.info/html/jalapino-online/js/bootstrap.min.js]
[tamzidhossain.info/html/jalapino-online/js/wow.js]
[tamzidhossain.info/html/jalapino-online/js/wow-anim.js]
[tamzidhossain.info/html/jalapino-online/assets/js/form-validator.min.js]
[tamzidhossain.info/html/jalapino-online/assets/js/contact-form-script.js]
[tamzidhossain.info/html/jalapino-online/js/jquery.scrolly.js]
[tamzidhossain.info/html/jalapino-online/js/jquery.fancybox8cbb.js]
[tamzidhossain.info/html/jalapino-online/js/jquery.fancybox-buttons3447.js]
[tamzidhossain.info/html/jalapino-online/js/jquery.fancybox-thumbsf2ad.js]
[tamzidhossain.info/html/jalapino-online/js/jquery.fancybox-mediac924.js]
[tamzidhossain.info/html/jalapino-online/js/jquery.fancybox.pack8cbb.js]
[tamzidhossain.info/html/jalapino-online/js/jquery.mixitup.min.js]
[tamzidhossain.info/html/jalapino-online/js/jquery.counterup.min.js]
[tamzidhossain.info/html/jalapino-online/js/main.js]
[tamzidhossain.info/html/jalapino-online/js/skillbar-animation.js]
[tamzidhossain.info/html/jalapino-online/js/button.js]
[tamzidhossain.info/html/jalapino-online/js/animation.js]
[tamzidhossain.info/html/jalapino-online/js/jquery-2.1.4.js]
[tamzidhossain.info/html/jalapino-online/js/owl.carousel.min.js]
[tamzidhossain.info/html/jalapino-online/js/test.js]
[tamzidhossain.info/html/jalapino-online/index.html]
[tamzidhossain.info/html/jalapino-online/css/animate.css]
[tamzidhossain.info/html/jalapino-online/css/site.css]
[tamzidhossain.info/html/jalapino-online/css/bootstrap.min.css]
[tamzidhossain.info/html/jalapino-online/font/fontawesome-webfont5b62.eot]
[tamzidhossain.info/html/jalapino-online/font/fontawesome-webfontd41d.eot]
[tamzidhossain.info/html/jalapino-online/font/fontawesome-webfont5b62.woff]
[tamzidhossain.info/html/jalapino-online/font/fontawesome-webfont5b62.ttf]
[tamzidhossain.info/html/jalapino-online/css/font-awesome.min.css]
[tamzidhossain.info/html/jalapino-online/assets/css/bootstrap.min.css]
[tamzidhossain.info/html/jalapino-online/assets/css/animate.css]
[tamzidhossain.info/html/jalapino-online/css/owl.carousel.min.css]
[tamzidhossain.info/html/jalapino-online/css/owl.theme.min.css]
[tamzidhossain.info/html/jalapino-online/css/jquerysctipttop.css]
[tamzidhossain.info/html/jalapino-online/img/loader1.gif]
[tamzidhossain.info/html/jalapino-online/img/img1.jpg]
[tamzidhossain.info/html/jalapino-online/img/counter.jpg]
[tamzidhossain.info/html/jalapino-online/img/skill.jpg]
[tamzidhossain.info/html/jalapino-online/img/fancybox_sprite.png]
[tamzidhossain.info/html/jalapino-online/img/fancybox_loading.gif]
[tamzidhossain.info/html/jalapino-online/img/close.png]
[tamzidhossain.info/html/jalapino-online/img/test.jpg]
[tamzidhossain.info/html/jalapino-online/img/contact.jpg]
[tamzidhossain.info/html/jalapino-online/css/style1.css]
[tamzidhossain.info/html/jalapino-online/css/animate-header.css]
[tamzidhossain.info/html/jalapino-online/img/about-image.jpg]
[tamzidhossain.info/html/jalapino-online/img/portfolios/photography/1.jpg]
[tamzidhossain.info/html/jalapino-online/img/portfolios/photography/2.jpg]
[tamzidhossain.info/html/jalapino-online/img/blog1.jpg]
[tamzidhossain.info/html/jalapino-online/img/blog2.jpg]
[tamzidhossain.info/html/jalapino-online/img/blog3.jpg]
[tamzidhossain.info/html/jalapino-online/www.facebook.html]
[tamzidhossain.info/html/jalapino-online/www.twitter.html]
[tamzidhossain.info/html/jalapino-online/www.pinterest.html]
[tamzidhossain.info/html/jalapino-online/www.linkedin.html]
[tamzidhossain.info/html/jalapino-online/www.behance.html]
[tamzidhossain.info/html/jalapino-online/www.instagram.html]
[tamzidhossain.info/html/jalapino-online/fonts/glyphicons-halflings-regular.html]
[tamzidhossain.info/html/jalapino-online/fonts/glyphicons-halflings-regulard41d.html]
[tamzidhossain.info/html/jalapino-online/fonts/glyphicons-halflings-regular-2.html]
[tamzidhossain.info/html/jalapino-online/fonts/glyphicons-halflings-regular-3.html]
[tamzidhossain.info/html/jalapino-online/fonts/glyphicons-halflings-regular-4.html]
[tamzidhossain.info/html/jalapino-online/fonts/glyphicons-halflings-regular-5.html]
[tamzidhossain.info/html/jalapino-online/font/fontawesome-webfont5b62.html]
[tamzidhossain.info/html/jalapino-online/font/fontawesome-webfont5b62.svg]
[tamzidhossain.info/html/jalapino-online/assets/fonts/glyphicons-halflings-regular.html]
[tamzidhossain.info/html/jalapino-online/assets/fonts/glyphicons-halflings-regulard41d.html]
[tamzidhossain.info/html/jalapino-online/assets/fonts/glyphicons-halflings-regular-2.html]
[tamzidhossain.info/html/jalapino-online/assets/fonts/glyphicons-halflings-regular-3.html]
[tamzidhossain.info/html/jalapino-online/assets/fonts/glyphicons-halflings-regular-4.html]
[tamzidhossain.info/html/jalapino-online/assets/fonts/glyphicons-halflings-regular-5.html]
[tamzidhossain.info/html/jalapino-online/css/grabbing.html]
[tamzidhossain.info/html/jalapino-online/css/AjaxLoader.html]
[tamzidhossain.info/html/jalapino-online/img/img1.jpg]
[tamzidhossain.info/html/jalapino-online/img/aimg1.html]
[tamzidhossain.info/html/jalapino-online/img/aimg2.html]
[tamzidhossain.info/html/jalapino-online/img/aimg3.html]
[tamzidhossain.info/html/jalapino-online/img/counter.jpg]
[tamzidhossain.info/html/jalapino-online/img/blank.html]
[tamzidhossain.info/html/jalapino-online/fancybox_overlay.html]
[tamzidhossain.info/html/jalapino-online/fancybox_sprite@2x.html]
[tamzidhossain.info/html/jalapino-online/fancybox_loading@2x.html]
[tamzidhossain.info/html/jalapino-online/css/fancybox_buttons.html]
[tamzidhossain.info/html/jalapino-online/img/contact.jpg]
[tamzidhossain.info/html/jalapino-online/img/blog2.jpg]
[tamzidhossain.info/html/jalapino-online/img/img1.jpg]
[tamzidhossain.info/html/jalapino-online/img/counter.jpg]
